// Jest Snapshot v1, https://goo.gl/fbAQLP

exports[`normalize with a real overnight boarding payload returns the expected normalized values 1`] = `
Object {
  "accepts_only_one_client": Object {
    "category": Object {
      "categoryId": "pets_in_the_home",
      "displayName": "Pets in the home",
      "rank": 5,
    },
    "helpText": undefined,
    "label": "Accepts only one client at a time",
    "rank": 0,
    "required": false,
    "type": "boolean",
  },
  "apse": Object {
    "category": Object {
      "categoryId": "organizations",
      "displayName": "Organizations",
      "rank": 8,
    },
    "helpText": undefined,
    "label": "APSE member",
    "rank": 3,
    "required": false,
    "type": "boolean",
  },
  "bathing_grooming": Object {
    "category": Object {
      "categoryId": "advanced_services",
      "displayName": "Services",
      "rank": 9,
    },
    "helpText": undefined,
    "label": "Bathing / Grooming",
    "rank": 5,
    "required": false,
    "type": "boolean",
  },
  "cat_care": Object {
    "category": Object {
      "categoryId": "advanced_services",
      "displayName": "Services",
      "rank": 9,
    },
    "helpText": undefined,
    "label": "Cat care",
    "rank": 1,
    "required": false,
    "type": "boolean",
  },
  "centerlat": Object {
    "category": Object {
      "categoryId": "detail",
      "displayName": "Detail",
      "rank": 0,
    },
    "helpText": undefined,
    "label": "Centerlat",
    "rank": 0,
    "required": false,
    "type": "decimal",
  },
  "centerlng": Object {
    "category": Object {
      "categoryId": "detail",
      "displayName": "Detail",
      "rank": 0,
    },
    "helpText": undefined,
    "label": "Centerlng",
    "rank": 0,
    "required": false,
    "type": "decimal",
  },
  "dog_preference": Object {
    "category": Object {
      "categoryId": "detail",
      "displayName": "Detail",
      "rank": 0,
    },
    "choices": Array [
      Object {
        "displayName": "No other dogs",
        "value": "no_other_dogs",
      },
      Object {
        "displayName": "Other dogs",
        "value": "other_dogs",
      },
      Object {
        "displayName": "No preference",
        "value": "no_pref",
      },
    ],
    "helpText": undefined,
    "label": "Dog preference",
    "rank": 0,
    "required": false,
    "type": "choice",
  },
  "dogs_allowed_on_bed": Object {
    "category": Object {
      "categoryId": "housing_conditions",
      "displayName": "Housing conditions",
      "rank": 7,
    },
    "helpText": undefined,
    "label": "Dogs allowed on bed",
    "rank": 4,
    "required": false,
    "type": "boolean",
  },
  "dogs_allowed_on_furniture": Object {
    "category": Object {
      "categoryId": "housing_conditions",
      "displayName": "Housing conditions",
      "rank": 7,
    },
    "helpText": undefined,
    "label": "Dogs allowed on furniture",
    "rank": 5,
    "required": false,
    "type": "boolean",
  },
  "end_date": Object {
    "category": Object {
      "categoryId": "detail",
      "displayName": "Detail",
      "rank": 1,
    },
    "helpText": undefined,
    "label": "End date",
    "rank": 2,
    "required": false,
    "type": "date",
  },
  "fulltime_availability": Object {
    "category": Object {
      "categoryId": "daytime_availability",
      "displayName": "Daytime Availability",
      "rank": 2,
    },
    "helpText": undefined,
    "label": "Sitter is home full-time",
    "rank": 1,
    "required": false,
    "type": "boolean",
  },
  "has_fenced_yard": Object {
    "category": Object {
      "categoryId": "housing_conditions",
      "displayName": "Housing conditions",
      "rank": 7,
    },
    "helpText": undefined,
    "label": "Has fenced yard",
    "rank": 2,
    "required": false,
    "type": "boolean",
  },
  "has_house": Object {
    "category": Object {
      "categoryId": "housing_conditions",
      "displayName": "Housing conditions",
      "rank": 7,
    },
    "helpText": undefined,
    "label": "Has house (excludes apartments)",
    "rank": 1,
    "required": false,
    "type": "boolean",
  },
  "has_no_children": Object {
    "category": Object {
      "categoryId": "advanced_sitter_info",
      "displayName": "Sitter Info",
      "rank": 4,
    },
    "helpText": undefined,
    "label": "Has no children",
    "rank": 0,
    "required": false,
    "type": "boolean",
  },
  "is_premier": Object {
    "category": Object {
      "categoryId": "advanced_services",
      "displayName": "Services",
      "rank": 9,
    },
    "helpText": undefined,
    "label": "RoverGO",
    "rank": 4,
    "required": false,
    "type": "boolean",
  },
  "knows_first_aid": Object {
    "category": Object {
      "categoryId": "housing_conditions",
      "displayName": "Housing conditions",
      "rank": 7,
    },
    "helpText": undefined,
    "label": "Dog first-aid certified",
    "rank": 3,
    "required": false,
    "type": "boolean",
  },
  "maxlat": Object {
    "category": Object {
      "categoryId": "detail",
      "displayName": "Detail",
      "rank": 0,
    },
    "helpText": undefined,
    "label": "Maxlat",
    "rank": 0,
    "required": false,
    "type": "decimal",
  },
  "maxlng": Object {
    "category": Object {
      "categoryId": "detail",
      "displayName": "Detail",
      "rank": 0,
    },
    "helpText": undefined,
    "label": "Maxlng",
    "rank": 0,
    "required": false,
    "type": "decimal",
  },
  "maxprice": Object {
    "category": Object {
      "categoryId": "detail",
      "displayName": "Detail",
      "rank": 1,
    },
    "helpText": undefined,
    "label": "Maximum Price",
    "maxValue": undefined,
    "minValue": undefined,
    "rank": 5,
    "required": false,
    "type": "integer",
  },
  "minlat": Object {
    "category": Object {
      "categoryId": "detail",
      "displayName": "Detail",
      "rank": 0,
    },
    "helpText": undefined,
    "label": "Minlat",
    "rank": 0,
    "required": false,
    "type": "decimal",
  },
  "minlng": Object {
    "category": Object {
      "categoryId": "detail",
      "displayName": "Detail",
      "rank": 0,
    },
    "helpText": undefined,
    "label": "Minlng",
    "rank": 0,
    "required": false,
    "type": "decimal",
  },
  "minprice": Object {
    "category": Object {
      "categoryId": "detail",
      "displayName": "Detail",
      "rank": 1,
    },
    "helpText": undefined,
    "label": "Minimum Price",
    "maxValue": undefined,
    "minValue": undefined,
    "rank": 4,
    "required": false,
    "type": "integer",
  },
  "no_caged_pets": Object {
    "category": Object {
      "categoryId": "pets_in_the_home",
      "displayName": "Pets in the home",
      "rank": 5,
    },
    "helpText": undefined,
    "label": "Does not own caged pets",
    "rank": 3,
    "required": false,
    "type": "boolean",
  },
  "no_cats": Object {
    "category": Object {
      "categoryId": "pets_in_the_home",
      "displayName": "Pets in the home",
      "rank": 5,
    },
    "helpText": undefined,
    "label": "Doesn't own a cat",
    "rank": 2,
    "required": false,
    "type": "boolean",
  },
  "no_children_0_5": Object {
    "category": Object {
      "categoryId": "children_in_the_home",
      "displayName": "Children in the home",
      "rank": 6,
    },
    "helpText": undefined,
    "label": "No children 0-5 years old",
    "rank": 1,
    "required": false,
    "type": "boolean",
  },
  "no_children_6_12": Object {
    "category": Object {
      "categoryId": "children_in_the_home",
      "displayName": "Children in the home",
      "rank": 6,
    },
    "helpText": undefined,
    "label": "No children 6-12 years old",
    "rank": 2,
    "required": false,
    "type": "boolean",
  },
  "non_smoking": Object {
    "category": Object {
      "categoryId": "housing_conditions",
      "displayName": "Housing conditions",
      "rank": 7,
    },
    "helpText": undefined,
    "label": "Non-smoking home",
    "rank": 6,
    "required": false,
    "type": "boolean",
  },
  "person_does_not_have_dogs": Object {
    "category": Object {
      "categoryId": "pets_in_the_home",
      "displayName": "Pets in the home",
      "rank": 5,
    },
    "helpText": undefined,
    "label": "Doesn't own a dog",
    "rank": 1,
    "required": false,
    "type": "boolean",
  },
  "pet_sizes": Object {
    "category": Object {
      "categoryId": "detail",
      "displayName": "Detail",
      "rank": 0,
    },
    "choices": Array [
      Object {
        "displayName": "0-15",
        "value": "small",
      },
      Object {
        "displayName": "16-40",
        "value": "medium",
      },
      Object {
        "displayName": "41-100",
        "value": "large",
      },
      Object {
        "displayName": "101+",
        "value": "giant",
      },
    ],
    "helpText": undefined,
    "label": "How large is your dog (in lbs)?",
    "rank": 0,
    "required": false,
    "type": "multiple choice",
  },
  "petsitusa": Object {
    "category": Object {
      "categoryId": "organizations",
      "displayName": "Organizations",
      "rank": 8,
    },
    "helpText": undefined,
    "label": "PetsitUSA member",
    "rank": 2,
    "required": false,
    "type": "boolean",
  },
  "puppy": Object {
    "category": Object {
      "categoryId": "advanced_services",
      "displayName": "Services",
      "rank": 9,
    },
    "helpText": undefined,
    "label": "Puppy care",
    "rank": 2,
    "required": false,
    "type": "boolean",
  },
  "residence_preference": Object {
    "category": Object {
      "categoryId": "detail",
      "displayName": "Detail",
      "rank": 0,
    },
    "choices": Array [
      Object {
        "displayName": "Houses",
        "value": "houses",
      },
      Object {
        "displayName": "Apartments",
        "value": "apartments",
      },
      Object {
        "displayName": "No preference",
        "value": "no_pref",
      },
    ],
    "helpText": undefined,
    "label": "Residence preference",
    "rank": 0,
    "required": false,
    "type": "choice",
  },
  "senior_dog_care": Object {
    "category": Object {
      "categoryId": "advanced_services",
      "displayName": "Services",
      "rank": 9,
    },
    "helpText": undefined,
    "label": "Senior dog care",
    "rank": 3,
    "required": false,
    "type": "boolean",
  },
  "start_date": Object {
    "category": Object {
      "categoryId": "detail",
      "displayName": "Detail",
      "rank": 1,
    },
    "helpText": undefined,
    "label": "Start date",
    "rank": 1,
    "required": false,
    "type": "date",
  },
  "test_key_no_category_display_name": Object {
    "category": Object {
      "categoryId": "detail",
      "displayName": "Detail",
      "rank": 0,
    },
    "helpText": undefined,
    "label": "Test No Category Display Name",
    "rank": 7,
    "required": false,
    "type": "boolean",
  },
  "test_key_no_category_rank": Object {
    "category": Object {
      "categoryId": "detail",
      "displayName": "Detail",
      "rank": 0,
    },
    "helpText": undefined,
    "label": "Test No Category Rank",
    "rank": 6,
    "required": false,
    "type": "boolean",
  },
  "volunteer_donor": Object {
    "category": Object {
      "categoryId": "organizations",
      "displayName": "Organizations",
      "rank": 8,
    },
    "helpText": undefined,
    "label": "Volunteer / Donor",
    "rank": 1,
    "required": false,
    "type": "boolean",
  },
}
`;
