// Jest Snapshot v1, https://goo.gl/fbAQLP

exports[`SearchOptionBoolean renders correctly 1`] = `
<div
  className="form-group"
>
  <div
    className="form-check"
  >
    <input
      checked={true}
      className="form-check-input"
      id="test-option-key"
      onChange={[Function]}
      type="checkbox"
    />
    <label
      className="form-check-label"
      htmlFor="test-option-key"
    >
      test-label
    </label>
  </div>
</div>
`;
